// Jest Snapshot v1, https://goo.gl/fbAQLP

exports[`Footer Snapshot Renders 1`] = `
<div
  className="footer"
>
  <div
    className="container"
  >
    <div
      className="content"
    >
      Made by Owais Jamil
    </div>
  </div>
</div>
`;

exports[`Header Snapshot Renders 1`] = `
<section
  className="hero is-success"
>
  <div
    className="hero-body"
  >
    <div
      className="container"
    >
      <h1
        className="title"
      >
        <a
          className="title-link"
          href="/"
          onClick={[Function]}
        >
          Brain Tracker
        </a>
      </h1>
    </div>
  </div>
</section>
`;
